Traceback (most recent call last):
  File "/home/anbudklient/urn-nexus-web/scripts/serve_frontend_dist.py", line 357, in <module>
    raise SystemExit(main())
                     ~~~~^^
  File "/home/anbudklient/urn-nexus-web/scripts/serve_frontend_dist.py", line 340, in main
    server = FrontendRuntimeServer(
        (args.host, args.port),
        FrontendRuntimeConfig(dist_root=dist_root, backend_url=backend_url),
    )
  File "/home/anbudklient/urn-nexus-web/scripts/serve_frontend_dist.py", line 95, in __init__
    super().__init__(server_address, FrontendRequestHandler)
    ~~~~~~~~~~~~~~~~^^^^^^^^^^^^^^^^^^^^^^^^^^^^^^^^^^^^^^^^
  File "/usr/lib/python3.14/socketserver.py", line 457, in __init__
    self.server_bind()
    ~~~~~~~~~~~~~~~~^^
  File "/usr/lib/python3.14/http/server.py", line 148, in server_bind
    socketserver.TCPServer.server_bind(self)
    ~~~~~~~~~~~~~~~~~~~~~~~~~~~~~~~~~~^^^^^^
  File "/usr/lib/python3.14/socketserver.py", line 478, in server_bind
    self.socket.bind(self.server_address)
    ~~~~~~~~~~~~~~~~^^^^^^^^^^^^^^^^^^^^^
OSError: [Errno 98] Address already in use
